/Users/aspen/Projects/bitcoin_node/.cache/core/22.0/aarch64-linux-gnu/bitcoin-22.0/bin/bitcoind
22.0 PASS
/Users/aspen/Projects/bitcoin_node/.cache/core/22.1/aarch64-linux-gnu/bitcoin-22.1/bin/bitcoind
22.1 PASS
/Users/aspen/Projects/bitcoin_node/.cache/core/23.0/aarch64-linux-gnu/bitcoin-23.0/bin/bitcoind
23.0 PASS
/Users/aspen/Projects/bitcoin_node/.cache/core/23.1/aarch64-linux-gnu/bitcoin-23.1/bin/bitcoind
23.1 PASS
/Users/aspen/Projects/bitcoin_node/.cache/core/23.2/aarch64-linux-gnu/bitcoin-23.2/bin/bitcoind
23.2 PASS
/Users/aspen/Projects/bitcoin_node/.cache/core/24.0/aarch64-linux-gnu/bitcoin-24.0/bin/bitcoind
24.0 PASS
/Users/aspen/Projects/bitcoin_node/.cache/core/24.0.1/aarch64-linux-gnu/bitcoin-24.0.1/bin/bitcoind
24.0.1 PASS
/Users/aspen/Projects/bitcoin_node/.cache/core/24.1/aarch64-linux-gnu/bitcoin-24.1/bin/bitcoind
24.1 PASS
/Users/aspen/Projects/bitcoin_node/.cache/core/24.2/aarch64-linux-gnu/bitcoin-24.2/bin/bitcoind
24.2 PASS
/Users/aspen/Projects/bitcoin_node/.cache/core/25.0/aarch64-linux-gnu/bitcoin-25.0/bin/bitcoind
25.0 PASS
/Users/aspen/Projects/bitcoin_node/.cache/core/25.1/aarch64-linux-gnu/bitcoin-25.1/bin/bitcoind
25.1 PASS
/Users/aspen/Projects/bitcoin_node/.cache/core/25.2/aarch64-linux-gnu/bitcoin-25.2/bin/bitcoind
25.2 PASS
/Users/aspen/Projects/bitcoin_node/.cache/core/26.0/aarch64-linux-gnu/bitcoin-26.0/bin/bitcoind
26.0 PASS
/Users/aspen/Projects/bitcoin_node/.cache/core/26.1/aarch64-linux-gnu/bitcoin-26.1/bin/bitcoind
26.1 PASS
/Users/aspen/Projects/bitcoin_node/.cache/core/26.2/aarch64-linux-gnu/bitcoin-26.2/bin/bitcoind
26.2 PASS
/Users/aspen/Projects/bitcoin_node/.cache/core/27.0/aarch64-linux-gnu/bitcoin-27.0/bin/bitcoind
27.0 PASS
/Users/aspen/Projects/bitcoin_node/.cache/core/27.1/aarch64-linux-gnu/bitcoin-27.1/bin/bitcoind
27.1 PASS
/Users/aspen/Projects/bitcoin_node/.cache/core/27.2/aarch64-linux-gnu/bitcoin-27.2/bin/bitcoind
27.2 PASS
/Users/aspen/Projects/bitcoin_node/.cache/core/28.0/aarch64-linux-gnu/bitcoin-28.0/bin/bitcoind
28.0 PASS
/Users/aspen/Projects/bitcoin_node/.cache/core/28.1/aarch64-linux-gnu/bitcoin-28.1/bin/bitcoind
28.1 PASS
/Users/aspen/Projects/bitcoin_node/.cache/core/28.2/aarch64-linux-gnu/bitcoin-28.2/bin/bitcoind
28.2 PASS
/Users/aspen/Projects/bitcoin_node/.cache/core/28.3/aarch64-linux-gnu/bitcoin-28.3/bin/bitcoind
28.3 PASS
/Users/aspen/Projects/bitcoin_node/.cache/core/28.4/aarch64-linux-gnu/bitcoin-28.4/bin/bitcoind
28.4 PASS
/Users/aspen/Projects/bitcoin_node/.cache/core/29.0/aarch64-linux-gnu/bitcoin-29.0/bin/bitcoind
29.0 PASS
/Users/aspen/Projects/bitcoin_node/.cache/core/29.1/aarch64-linux-gnu/bitcoin-29.1/bin/bitcoind
29.1 PASS
/Users/aspen/Projects/bitcoin_node/.cache/core/29.2/aarch64-linux-gnu/bitcoin-29.2/bin/bitcoind
29.2 PASS
/Users/aspen/Projects/bitcoin_node/.cache/core/29.3/aarch64-linux-gnu/bitcoin-29.3/bin/bitcoind
29.3 PASS
/Users/aspen/Projects/bitcoin_node/.cache/core/29.4/aarch64-linux-gnu/bitcoin-29.4/bin/bitcoind
29.4 PASS
30.0 FAIL
30.1 FAIL
/Users/aspen/Projects/bitcoin_node/.cache/core/30.2/aarch64-linux-gnu/bitcoin-30.2/bin/bitcoind
30.2 PASS
/Users/aspen/Projects/bitcoin_node/.cache/core/30.3/aarch64-linux-gnu/bitcoin-30.3/bin/bitcoind
30.3 PASS
/Users/aspen/Projects/bitcoin_node/.cache/core/31.0/aarch64-linux-gnu/bitcoin-31.0/bin/bitcoind
31.0 PASS
/Users/aspen/Projects/bitcoin_node/.cache/core/31.1/aarch64-linux-gnu/bitcoin-31.1/bin/bitcoind
31.1 PASS
