error: timeout on transient error: Could not connect to the server 127.0.0.1:19543

Make sure the bitcoind server is running and that you are connecting to the correct RPC port.
Use "bitcoin-cli -help" for more info.
{
  "status": "PASS",
  "core": "31.1",
  "electrs": "0.11.1",
  "electrs_commit": "35216c6d30148be8e6763d913d437330f431fc03",
  "platform": "macOS arm64",
  "height": 3,
  "history_count": 3,
  "checks": [
    "real P2P/RPC indexing",
    "Electrum headers",
    "scripthash history",
    "index restart persistence"
  ],
  "not_run": [
    "unconfirmed transaction broadcast",
    "Tor remote wallet",
    "mainnet full indexing"
  ]
}
