{
  "status": "PASS",
  "checks": [
    "actual lsblk topology read",
    "root backing disk and mounted boot partition protected",
    "read-only seed disk protected",
    "current data mount distinguished",
    "fstab and mount table unchanged"
  ],
  "inventory": {
    "devices": [
      {
        "name": "/dev/loop0",
        "type": "loop",
        "fstype": "ext4",
        "uuid": "620bc08a-a022-420c-b34d-19b7d0b80894",
        "model": "",
        "serial": "",
        "wwn": "",
        "tran": "",
        "partuuid": "",
        "maj:min": "7:0",
        "size_bytes": 4294967296,
        "read_only": false,
        "mountpoints": [
          "/srv/justverify/data"
        ],
        "reason": "CURRENT_DATA_MOUNT",
        "review_action": "NONE",
        "identity_digest": "a5d1c140e6979d9211196544ca1f21a033b6a7c095398afc8dceca2741d4a4bf"
      },
      {
        "name": "/dev/vda",
        "type": "disk",
        "fstype": "",
        "uuid": "",
        "model": "",
        "serial": "",
        "wwn": "",
        "tran": "virtio",
        "partuuid": "",
        "maj:min": "254:0",
        "size_bytes": 34359738368,
        "read_only": false,
        "mountpoints": [],
        "reason": "SYSTEM_DEVICE",
        "review_action": "NONE",
        "identity_digest": "702cb78394156982e2a7bd813c6eb63cf4a2df48461ac2395c19cc87c41e0c72"
      },
      {
        "name": "/dev/vda1",
        "type": "part",
        "fstype": "ext4",
        "uuid": "b8e5c376-4a4d-42eb-8746-a31bcd9a7445",
        "model": "",
        "serial": "",
        "wwn": "",
        "tran": "virtio",
        "partuuid": "ebbbeccd-10a6-4969-a904-38f513e6d5ca",
        "maj:min": "254:1",
        "size_bytes": 34225503744,
        "read_only": false,
        "mountpoints": [
          "/"
        ],
        "reason": "SYSTEM_DEVICE",
        "review_action": "NONE",
        "identity_digest": "f909f5baccc08a07afd2a97c3dc86d5492f531d98d161976dbaa0baa01869215"
      },
      {
        "name": "/dev/vda15",
        "type": "part",
        "fstype": "vfat",
        "uuid": "BE29-CFB6",
        "model": "",
        "serial": "",
        "wwn": "",
        "tran": "virtio",
        "partuuid": "d32de0db-7304-47ef-a57a-b42cbb0f2356",
        "maj:min": "254:15",
        "size_bytes": 133169152,
        "read_only": false,
        "mountpoints": [
          "/boot/efi"
        ],
        "reason": "SYSTEM_DEVICE",
        "review_action": "NONE",
        "identity_digest": "7c2676d9892f55dd2172387811cb5c0944a6ab75317f3939e9d1310e4ccc5277"
      },
      {
        "name": "/dev/vdb",
        "type": "disk",
        "fstype": "iso9660",
        "uuid": "2026-09-12-00-11-50-00",
        "model": "",
        "serial": "",
        "wwn": "",
        "tran": "virtio",
        "partuuid": "",
        "maj:min": "254:16",
        "size_bytes": 67584,
        "read_only": true,
        "mountpoints": [],
        "reason": "READ_ONLY",
        "review_action": "NONE",
        "identity_digest": "64a1669906f92d2f024328f395720c557410ee4853a2f04f0948517697605015"
      }
    ],
    "mutations_performed": false,
    "notice": "No disk is formatted or mounted by inventory. Revalidate identity and contents before any operation."
  }
}
