{
  "status": "PASS",
  "checks": [
    "new project loop image backing identity verified",
    "blank signature scan changes no bytes",
    "stale identity rejected",
    "real ext4 signature detected after test fixture formatting",
    "ext4 scan changes no bytes",
    "system device cannot enter provisioning review"
  ],
  "probe": {
    "device": {
      "name": "/dev/loop1",
      "type": "loop",
      "fstype": "ext4",
      "uuid": "906aaa83-2477-4225-aea6-7c856951f20b",
      "model": "",
      "serial": "",
      "wwn": "",
      "tran": "",
      "partuuid": "",
      "maj:min": "7:1",
      "size_bytes": 33554432,
      "read_only": false,
      "mountpoints": [],
      "reason": "UNSUPPORTED_DEVICE_TYPE",
      "review_action": "NONE",
      "identity_digest": "fde1df0f5a094d0bb996ed6e4d713c6fbc5a2520470dd9c2d6419abdb888e1d2"
    },
    "signatures": [
      {
        "device": "loop1",
        "offset": "0x438",
        "type": "ext4",
        "uuid": "906aaa83-2477-4225-aea6-7c856951f20b",
        "label": ""
      }
    ],
    "filesystem": {
      "UUID": "906aaa83-2477-4225-aea6-7c856951f20b",
      "VERSION": "1.0",
      "TYPE": "ext4",
      "USAGE": "filesystem"
    },
    "ambiguous": false,
    "mutations_performed": false,
    "review": "EXISTING_SIGNATURES_PRESERVE",
    "scan_digest": "00ffd17f8338ed1cccea20406f023686e308d8d8a1a6d83a60126cca06e25566"
  }
}
