Requirement already satisfied: aiohappyeyeballs==2.7.1 in /opt/justverify/venv/lib/python3.13/site-packages (from -r web/requirements.lock (line 1)) (2.7.1)
Requirement already satisfied: aiohttp==3.13.3 in /opt/justverify/venv/lib/python3.13/site-packages (from -r web/requirements.lock (line 2)) (3.13.3)
Requirement already satisfied: aiosignal==1.4.0 in /opt/justverify/venv/lib/python3.13/site-packages (from -r web/requirements.lock (line 3)) (1.4.0)
Requirement already satisfied: attrs==26.1.0 in /opt/justverify/venv/lib/python3.13/site-packages (from -r web/requirements.lock (line 4)) (26.1.0)
Requirement already satisfied: frozenlist==1.8.0 in /opt/justverify/venv/lib/python3.13/site-packages (from -r web/requirements.lock (line 5)) (1.8.0)
Requirement already satisfied: idna==3.19 in /opt/justverify/venv/lib/python3.13/site-packages (from -r web/requirements.lock (line 6)) (3.19)
Requirement already satisfied: multidict==6.8.0 in /opt/justverify/venv/lib/python3.13/site-packages (from -r web/requirements.lock (line 7)) (6.8.0)
Requirement already satisfied: propcache==0.5.2 in /opt/justverify/venv/lib/python3.13/site-packages (from -r web/requirements.lock (line 8)) (0.5.2)
Requirement already satisfied: pycdlib==1.14.0 in /opt/justverify/venv/lib/python3.13/site-packages (from -r web/requirements.lock (line 9)) (1.14.0)
Requirement already satisfied: yarl==1.24.5 in /opt/justverify/venv/lib/python3.13/site-packages (from -r web/requirements.lock (line 10)) (1.24.5)
active
active
active
active
Traceback (most recent call last):
  File "/home/builder/justverify/tests/linux_services.py", line 30, in <module>
    assert system('is-active','justverify-core',check=False).stdout.strip()!='active'
           ^^^^^^^^^^^^^^^^^^^^^^^^^^^^^^^^^^^^^^^^^^^^^^^^^^^^^^^^^^^^^^^^^^^^^^^^^^
AssertionError

During handling of the above exception, another exception occurred:

Traceback (most recent call last):
  File "/home/builder/justverify/tests/linux_services.py", line 34, in <module>
    command('mount',str(D));system('start','justverify-core','justverify-manager');wait(healthy)
    ~~~~~~~^^^^^^^^^^^^^^^^
  File "/home/builder/justverify/tests/linux_services.py", line 6, in command
    def command(*args,check=True):return subprocess.run(args,capture_output=True,text=True,check=check)
                                         ~~~~~~~~~~~~~~^^^^^^^^^^^^^^^^^^^^^^^^^^^^^^^^^^^^^^^^^^^^^^^^
  File "/usr/lib/python3.13/subprocess.py", line 577, in run
    raise CalledProcessError(retcode, process.args,
                             output=stdout, stderr=stderr)
subprocess.CalledProcessError: Command '('mount', '/srv/justverify/data')' returned non-zero exit status 1.
