{
  "status": "PASS",
  "checks": [
    "actual lsblk topology read",
    "root device and all sibling system partitions protected",
    "read-only seed disk protected",
    "current data mount distinguished",
    "fstab and mount table unchanged"
  ],
  "inventory": {
    "devices": [
      {
        "name": "/dev/loop0",
        "type": "loop",
        "fstype": "ext4",
        "uuid": "620bc08a-a022-420c-b34d-19b7d0b80894",
        "model": "",
        "serial": "",
        "wwn": "",
        "tran": "",
        "maj:min": "7:0",
        "size_bytes": 4294967296,
        "read_only": false,
        "mountpoints": [
          "/srv/justverify/data"
        ],
        "reason": "CURRENT_DATA_MOUNT",
        "review_action": "NONE",
        "identity_digest": "a3134207f50a31712b248917ea8f88be3d27994c664b5ee0ee0a263c8d51aeed"
      },
      {
        "name": "/dev/vda",
        "type": "disk",
        "fstype": "",
        "uuid": "",
        "model": "",
        "serial": "",
        "wwn": "",
        "tran": "virtio",
        "maj:min": "254:0",
        "size_bytes": 34359738368,
        "read_only": false,
        "mountpoints": [],
        "reason": "SYSTEM_DEVICE",
        "review_action": "NONE",
        "identity_digest": "aa576b835a9d933908aed21e96de20590e35aebf9bd1c21f875e0979893afba9"
      },
      {
        "name": "/dev/vda1",
        "type": "part",
        "fstype": "ext4",
        "uuid": "b8e5c376-4a4d-42eb-8746-a31bcd9a7445",
        "model": "",
        "serial": "",
        "wwn": "",
        "tran": "virtio",
        "maj:min": "254:1",
        "size_bytes": 34225503744,
        "read_only": false,
        "mountpoints": [
          "/"
        ],
        "reason": "SYSTEM_DEVICE",
        "review_action": "NONE",
        "identity_digest": "bf39d79ba2f9e7c65bfe401672bad747486e1031d9623248c8c6f3f841cd88f0"
      },
      {
        "name": "/dev/vda15",
        "type": "part",
        "fstype": "vfat",
        "uuid": "BE29-CFB6",
        "model": "",
        "serial": "",
        "wwn": "",
        "tran": "virtio",
        "maj:min": "254:15",
        "size_bytes": 133169152,
        "read_only": false,
        "mountpoints": [
          "/boot/efi"
        ],
        "reason": "SYSTEM_DEVICE",
        "review_action": "NONE",
        "identity_digest": "53d9d201f905435cd2dfa74899abb025cc55924a6254c74ccf802c177b017f28"
      },
      {
        "name": "/dev/vdb",
        "type": "disk",
        "fstype": "iso9660",
        "uuid": "2026-09-12-00-11-50-00",
        "model": "",
        "serial": "",
        "wwn": "",
        "tran": "virtio",
        "maj:min": "254:16",
        "size_bytes": 67584,
        "read_only": true,
        "mountpoints": [],
        "reason": "READ_ONLY",
        "review_action": "NONE",
        "identity_digest": "f1fa927807f4e2df22b78c690fde676244b2ab8b7347fb2fc1c83c6ffdd414db"
      }
    ],
    "mutations_performed": false,
    "notice": "No disk is formatted or mounted by inventory. Revalidate identity and contents before any operation."
  }
}
