Collecting aiohappyeyeballs==2.7.1 (from -r web/requirements.lock (line 1))
  Downloading aiohappyeyeballs-2.7.1-py3-none-any.whl.metadata (5.9 kB)
Collecting aiohttp==3.13.3 (from -r web/requirements.lock (line 2))
  Downloading aiohttp-3.13.3-cp313-cp313-manylinux2014_aarch64.manylinux_2_17_aarch64.manylinux_2_28_aarch64.whl.metadata (8.1 kB)
Collecting aiosignal==1.4.0 (from -r web/requirements.lock (line 3))
  Downloading aiosignal-1.4.0-py3-none-any.whl.metadata (3.7 kB)
Collecting attrs==26.1.0 (from -r web/requirements.lock (line 4))
  Downloading attrs-26.1.0-py3-none-any.whl.metadata (8.8 kB)
Collecting frozenlist==1.8.0 (from -r web/requirements.lock (line 5))
  Downloading frozenlist-1.8.0-cp313-cp313-manylinux2014_aarch64.manylinux_2_17_aarch64.manylinux_2_28_aarch64.whl.metadata (20 kB)
Collecting idna==3.19 (from -r web/requirements.lock (line 6))
  Downloading idna-3.19-py3-none-any.whl.metadata (9.2 kB)
Collecting multidict==6.8.0 (from -r web/requirements.lock (line 7))
  Downloading multidict-6.8.0-cp313-cp313-manylinux2014_aarch64.manylinux_2_17_aarch64.manylinux_2_28_aarch64.whl.metadata (5.3 kB)
Collecting propcache==0.5.2 (from -r web/requirements.lock (line 8))
  Downloading propcache-0.5.2-cp313-cp313-manylinux2014_aarch64.manylinux_2_17_aarch64.manylinux_2_28_aarch64.whl.metadata (16 kB)
Collecting pycdlib==1.14.0 (from -r web/requirements.lock (line 9))
  Downloading pycdlib-1.14.0-py2.py3-none-any.whl.metadata (992 bytes)
Collecting yarl==1.24.5 (from -r web/requirements.lock (line 10))
  Downloading yarl-1.24.5-cp313-cp313-manylinux2014_aarch64.manylinux_2_17_aarch64.manylinux_2_28_aarch64.whl.metadata (103 kB)
Downloading aiohappyeyeballs-2.7.1-py3-none-any.whl (15 kB)
Downloading aiohttp-3.13.3-cp313-cp313-manylinux2014_aarch64.manylinux_2_17_aarch64.manylinux_2_28_aarch64.whl (1.7 MB)
   ━━━━━━━━━━━━━━━━━━━━━━━━━━━━━━━━━━━━━━━━ 1.7/1.7 MB 13.6 MB/s eta 0:00:00
Downloading multidict-6.8.0-cp313-cp313-manylinux2014_aarch64.manylinux_2_17_aarch64.manylinux_2_28_aarch64.whl (283 kB)
Downloading yarl-1.24.5-cp313-cp313-manylinux2014_aarch64.manylinux_2_17_aarch64.manylinux_2_28_aarch64.whl (107 kB)
Downloading aiosignal-1.4.0-py3-none-any.whl (7.5 kB)
Downloading attrs-26.1.0-py3-none-any.whl (67 kB)
Downloading frozenlist-1.8.0-cp313-cp313-manylinux2014_aarch64.manylinux_2_17_aarch64.manylinux_2_28_aarch64.whl (233 kB)
Downloading idna-3.19-py3-none-any.whl (68 kB)
Downloading propcache-0.5.2-cp313-cp313-manylinux2014_aarch64.manylinux_2_17_aarch64.manylinux_2_28_aarch64.whl (59 kB)
Downloading pycdlib-1.14.0-py2.py3-none-any.whl (213 kB)
Installing collected packages: pycdlib, propcache, multidict, idna, frozenlist, attrs, aiohappyeyeballs, yarl, aiosignal, aiohttp

Successfully installed aiohappyeyeballs-2.7.1 aiohttp-3.13.3 aiosignal-1.4.0 attrs-26.1.0 frozenlist-1.8.0 idna-3.19 multidict-6.8.0 propcache-0.5.2 pycdlib-1.14.0 yarl-1.24.5
Created symlink '/etc/systemd/system/multi-user.target.wants/justverify-firstboot.service' → '/etc/systemd/system/justverify-firstboot.service'.
Created symlink '/etc/systemd/system/multi-user.target.wants/justverify-core.service' → '/etc/systemd/system/justverify-core.service'.
Created symlink '/etc/systemd/system/multi-user.target.wants/justverify-manager.service' → '/etc/systemd/system/justverify-manager.service'.
Created symlink '/etc/systemd/system/multi-user.target.wants/justverify-web.service' → '/etc/systemd/system/justverify-web.service'.
active
activating
active
active
