+ set -euo pipefail
++ uname -s
+ [[ Linux = Linux ]]
+ [[ 0 = 0 ]]
+ artifact=/home/builder/justverify/dist/justverify-0.1.0-dev-rpi5-arm64.img.xz
++ mktemp -d
+ work=/tmp/tmp.GnngnhHduW
+ loop=
+ trap cleanup EXIT
+ mkdir /tmp/tmp.GnngnhHduW/root
+ xz -dc /home/builder/justverify/dist/justverify-0.1.0-dev-rpi5-arm64.img.xz
++ losetup --find --show --partscan --read-only /tmp/tmp.GnngnhHduW/image.img
+ loop=/dev/loop0
+ e2fsck -fn /dev/loop0p2
e2fsck 1.47.2 (1-Jan-2025)
Pass 1: Checking inodes, blocks, and sizes
Pass 2: Checking directory structure
Pass 3: Checking directory connectivity
Pass 4: Checking reference counts
Pass 5: Checking group summary information
rootfs: 75110/469440 files (0.2% non-contiguous), 598998/1964032 blocks
+ mount -o ro,noload /dev/loop0p2 /tmp/tmp.GnngnhHduW/root
+ test '!' -s /tmp/tmp.GnngnhHduW/root/etc/machine-id
++ find /tmp/tmp.GnngnhHduW/root/etc/ssh -name 'ssh_host_*_key' -print -quit
+ test -z ''
+ test '!' -e /tmp/tmp.GnngnhHduW/root/var/lib/justverify/web/private-key.pem
+ test '!' -e /tmp/tmp.GnngnhHduW/root/var/lib/justverify/web/setup-token
+ chroot /tmp/tmp.GnngnhHduW/root /opt/justverify/bin/justverify --version
justverify 0.1.0
+ chroot /tmp/tmp.GnngnhHduW/root /opt/justverify/core/bin/bitcoind -version
Error: filesystem error: cannot create directories: Read-only file system [/root/.bitcoin/wallets]
+ cleanup
+ umount /tmp/tmp.GnngnhHduW/root
+ [[ -z /dev/loop0 ]]
+ losetup -d /dev/loop0
+ rm -f /tmp/tmp.GnngnhHduW/image.img
+ rmdir /tmp/tmp.GnngnhHduW/root /tmp/tmp.GnngnhHduW
