    Checking itoa v1.0.18
    Checking stable_deref_trait v1.2.1
    Checking bitflags v2.13.2
    Checking log v0.4.34
    Checking libc v0.2.189
    Checking smallvec v1.16.1
    Checking zerofrom v0.1.8
    Checking bytes v1.12.1
    Checking yoke v0.8.3
    Checking pin-project-lite v0.2.17
    Checking cfg-if v1.0.4
    Checking futures-core v0.3.34
    Checking equivalent v1.0.2
    Checking foldhash v0.2.0
    Checking allocator-api2 v0.2.21
    Checking litemap v0.8.3
    Checking zerovec v0.11.8
    Checking writeable v0.6.4
    Checking zerotrie v0.2.5
    Checking utf8_iter v1.0.4
    Checking mio v1.2.3
    Checking socket2 v0.6.5
    Checking zeroize v1.9.0
   Compiling jobserver v0.1.35
    Checking once_cell v1.21.4
   Compiling strsim v0.11.1
    Checking futures-sink v0.3.34
    Checking memchr v2.8.3
    Checking http v1.5.0
    Checking errno v0.3.14
   Compiling cc v1.4.5
    Checking tinystr v0.8.4
    Checking potential_utf v0.1.6
    Checking tokio v1.53.1
   Compiling darling_core v0.24.1
    Checking icu_collections v2.3.0
   Compiling version_check v0.9.5
    Checking icu_locale_core v2.3.0
    Checking either v1.18.0
    Checking itertools v0.14.0
    Checking thiserror v2.0.20
   Compiling generic-array v0.14.7
    Checking castaway v0.2.4
    Checking http-body v1.1.0
    Checking icu_normalizer_data v2.3.0
    Checking icu_properties_data v2.3.0
    Checking rustls-pki-types v1.15.1
    Checking hashbrown v0.17.1
    Checking hashbrown v0.16.1
    Checking icu_provider v2.3.1
   Compiling cmake v0.1.58
   Compiling unicode-segmentation v1.13.3
    Checking slab v0.4.12
    Checking percent-encoding v2.3.2
    Checking static_assertions v1.1.0
    Checking futures-task v0.3.34
    Checking untrusted v0.9.0
    Checking futures-io v0.3.34
    Checking unicode-width v0.2.2
    Checking ryu v1.0.23
    Checking futures-util v0.3.34
   Compiling convert_case v0.10.0
    Checking compact_str v0.9.1
    Checking kasuari v0.4.12
   Compiling aws-lc-sys v0.45.0
    Checking unicode-truncate v2.0.1
    Checking lru v0.18.4
    Checking strum v0.28.0
    Checking icu_properties v2.3.0
    Checking icu_normalizer v2.3.0
    Checking signal-hook-registry v1.4.8
    Checking scopeguard v1.2.0
    Checking typenum v1.20.1
    Checking subtle v2.6.1
    Checking try-lock v0.2.5
    Checking critical-section v1.2.0
    Checking tower-service v0.3.3
    Checking core-foundation-sys v0.8.7
    Checking ratatui-core v0.1.2
    Checking want v0.3.1
    Checking lock_api v0.4.14
    Checking idna_adapter v1.2.2
    Checking signal-hook v0.3.18
   Compiling derive_more-impl v2.1.1
    Checking parking_lot_core v0.9.12
    Checking httparse v1.10.1
    Checking tracing-core v0.1.36
    Checking futures-channel v0.3.34
   Compiling darling_macro v0.24.1
    Checking num_threads v0.1.7
    Checking powerfmt v0.2.0
    Checking atomic-waker v1.1.2
    Checking time-core v0.1.9
    Checking utf8parse v0.2.2
    Checking num-conv v0.2.2
    Checking deranged v0.5.8
    Checking anstyle-parse v1.0.0
    Checking derive_more v2.1.1
   Compiling darling v0.24.1
    Checking hyper v1.11.1
    Checking tracing v0.1.44
    Checking parking_lot v0.12.5
    Checking signal-hook-mio v0.2.5
    Checking rustix v1.1.4
    Checking idna v1.1.0
    Checking core-foundation v0.10.1
    Checking security-framework-sys v2.17.0
    Checking serde_core v1.0.229
    Checking form_urlencoded v1.2.2
    Checking sync_wrapper v1.0.2
    Checking line-clipping v0.3.8
    Checking anstyle v1.0.14
    Checking ipnet v2.12.2
    Checking base64 v0.22.1
    Checking colorchoice v1.0.5
    Checking time v0.3.55
    Checking anstyle-query v1.1.5
    Checking tower-layer v0.3.3
    Checking is_terminal_polyfill v1.70.2
    Checking crossterm v0.29.0
    Checking anstream v1.0.0
    Checking hyper-util v0.1.20
    Checking tower v0.5.3
   Compiling instability v0.3.13
    Checking url v2.5.8
    Checking security-framework v3.7.0
    Checking zmij v1.0.23
    Checking crypto-common v0.1.7
    Checking block-buffer v0.10.4
    Checking objc2-core-foundation v0.3.2
    Checking clap_lex v1.1.0
    Checking ratatui-widgets v0.3.2
    Checking ratatui-crossterm v0.1.2
    Checking clap_builder v4.6.6
    Checking digest v0.10.7
    Checking tower-http v0.6.11
    Checking http-body-util v0.1.5
    Checking cpufeatures v0.2.17
    Checking objc2-io-kit v0.3.2
    Checking base64 v0.23.1
    Checking serde_json v1.0.151
    Checking serde v1.0.229
    Checking sha2 v0.10.9
    Checking sysinfo v0.38.4
    Checking anyhow v1.0.104
    Checking ratatui-macros v0.7.2
    Checking clap v4.6.6
    Checking ratatui v0.30.2
   Compiling aws-lc-rs v1.18.1
   Compiling rustls v0.23.44
    Checking rustls-webpki v0.103.15
    Checking tokio-rustls v0.26.5
    Checking rustls-platform-verifier v0.7.0
    Checking hyper-rustls v0.27.9
    Checking reqwest v0.13.5
    Checking justverify v0.1.0 (/Users/aspen/Projects/bitcoin_node)
    Finished `dev` profile [unoptimized + debuginfo] target(s) in 17.80s
