{
  "status": "PASS",
  "target": {
    "device": {
      "name": "/dev/vda",
      "type": "disk",
      "fstype": "",
      "uuid": "",
      "model": "",
      "serial": "JUSTVERIFY_TEST_DATA",
      "wwn": "",
      "tran": "virtio",
      "partuuid": "",
      "maj:min": "254:0",
      "size_bytes": 2147483648,
      "read_only": false,
      "mountpoints": [],
      "reason": "SIGNATURE_SCAN_AND_EXPLICIT_CONFIRMATION_REQUIRED",
      "review_action": "REVIEW_NEW",
      "identity_digest": "74f7c80a3a7987676c19e5b28c8f59acdfc525a4024983db198404bb87835271"
    },
    "signatures": [],
    "filesystem": {},
    "ambiguous": false,
    "mutations_performed": false,
    "review": "NO_KNOWN_SIGNATURES_CONTENTS_NOT_PROVEN_EMPTY",
    "scan_digest": "12deecb56244870f1ce79d82dd255216d12ab264b0538847306bda1b5b7efc94"
  }
}
