2026-09-12 Asia/Singapore
Target: Debian 13 ARM64 VM, real systemd Tor 0.4.9.11, Core 31.1 regtest, electrs 0.11.1
Commands:
  sudo JV_EXPECT_TOR_RPC=1 /opt/justverify-tests/bin/python tests/linux_client_tui.py
  sudo TMPDIR=/var/tmp /opt/justverify-tests/bin/python tests/linux_initial_profile.py

PASS explicit sensitive Fully Noded QR renders exact black/white modules; narrow terminal refuses clipping
PASS authenticated Core JSON-RPC 1.0 root endpoint uses the same restricted gateway
PASS root RPC denies anonymous/wallet/admin requests and preserves browser GET
PASS persisted client authenticates after actual TLS server process restart
PASS private 0700 state/0600 owner IPC socket rejects another uid and a duplicate server preserves the live socket
PASS product systemd Tor RPC onion reaches only the authenticated restricted gateway
PASS actual non-root TUI cancel/wrong-password/masked reauthentication, Core RPC enable, process restore, and disable
PASS actual PTY wallet grant review/cancel/confirm and authorized TLS watch-only wallet query
PASS actual PTY separate transaction permission review/cancel/grant and TLS PSBT creation
PASS actual non-root PTY issuance/one-time hide/revoke cancel/revoke; real TLS Core query then denial; no plaintext credential persisted or logged
PASS production watch-only profile switches/resumes separate wallet data and returns to original node profile
PASS actual systemd rejects wrong-volume registration before Core starts; valid marker restores startup
PASS real version API exposes interrupted state despite missing target; PTY review/cancel/recover restores previous separate profile
PASS original node volume/configuration/binaries restored; version API left stopped

Limits: The onion requests used the product systemd Tor service and a generated v3 RPC identity. The QR cells were captured from the real PTY and compared to the exact generated matrix; a separate fixture was digitally decoded. No physical phone, camera, installed Fully Noded app, OS reboot with remote RPC enabled, or updated image was tested here. No onion address or credential is included in this evidence.
