   Compiling justverify v0.1.0 (/home/builder/justverify)
    Finished `release` profile [optimized] target(s) in 7.38s
Recovery backup: /var/tmp/jv-initial-profile-lgykvsl2
PASS actual systemd skips Core/electrs/policy before registration
PASS committed-volume completion/retry starts version API without starting Core or reformatting
PASS actual non-root PTY S/B starts version service; V/W wallet mode/network/review/cancel works
PASS production first preview; changed-volume apply refused with data preserved
PASS first version apply without bootstrap override; actual Core regtest RPC and electrs indexed height agree
PASS product READY checks header hash; Tor outbound proxy and direct clearnet effective RPC
PASS actual policy save/systemd restart/RPC/electrs: ipv4,ipv6 clearnet_tor=0
PASS actual policy save/systemd restart/RPC/electrs: onion clearnet_tor=0
PASS actual policy save/systemd restart/RPC/electrs: ipv4,ipv6,onion clearnet_tor=1
PASS original registered outgoing policy restored
PASS actual incoming save/restart/LAN+onion listeners/RPC isolation/electrs tip: none
PASS actual incoming save/restart/LAN+onion listeners/RPC isolation/electrs tip: clearnet
PASS actual incoming save/restart/LAN+onion listeners/RPC isolation/electrs tip: tor
PASS actual incoming save/restart/LAN+onion listeners/RPC isolation/electrs tip: clearnet,tor
PASS original incoming policy restored
PASS nine actual resource settings: Core configuration logs, effective maxconnections/uploadtarget, ban duration, electrs tip and persisted API state
PASS original resource policy restored
PASS product Core classifies real Tor incoming peer as onion, not IPv4
{"status": "PASS", "core": "31.1", "network": "regtest", "checks": ["onion SOCKS effective RPC", "clearnet remains direct", "actual Tor SOCKS onion outbound Bitcoin P2P version handshake"], "private_state": "/tmp/jv-tor-outbound-37r4wioc"}
{
  "status": "PASS",
  "key": "onlynet",
  "platform": "actual Linux PTY 120x40 as justverify",
  "checks": [
    "M policy navigation",
    "keyboard field editing",
    "real preflight and diff",
    "Escape does not apply changes",
    "Enter applies via restricted API",
    "actual Core value observed",
    "Ctrl-C exits fixed TUI"
  ]
}
{
  "status": "PASS",
  "key": "proxy",
  "platform": "actual Linux PTY 120x40 as justverify",
  "checks": [
    "M policy navigation",
    "keyboard field editing",
    "real preflight and diff",
    "Escape does not apply changes",
    "Enter applies via restricted API",
    "actual Core value observed",
    "Ctrl-C exits fixed TUI"
  ]
}
{
  "status": "PASS",
  "key": "listen",
  "platform": "actual Linux PTY 120x40 as justverify",
  "checks": [
    "M policy navigation",
    "keyboard field editing",
    "real preflight and diff",
    "Escape does not apply changes",
    "Enter applies via restricted API",
    "actual Core value observed",
    "Ctrl-C exits fixed TUI"
  ]
}
{
  "status": "PASS",
  "key": "maxuploadtarget",
  "platform": "actual Linux PTY 120x40 as justverify",
  "checks": [
    "M policy navigation",
    "keyboard field editing",
    "real preflight and diff",
    "Escape does not apply changes",
    "Enter applies via restricted API",
    "actual Core value observed",
    "Ctrl-C exits fixed TUI"
  ]
}
PASS installed nonroot Electrum TLS: trusted certificate and real header equality; untrusted certificate rejected
PASS plaintext Electrum request cannot bypass TLS
PASS actual electrs stop/start propagates to TLS service; TLS restart preserves certificate and indexed header
PASS actual non-LAN source refused; temporary address removed and normal TLS still works
PASS actual PTY black/white QR cells match payload matrix; 80x24 declines clipped QR; Esc returns
PASS explicit sensitive Fully Noded QR renders exact black/white modules; narrow terminal refuses clipping
PASS authenticated Core JSON-RPC 1.0 root endpoint uses the same restricted gateway
PASS root RPC denies anonymous/wallet/admin requests and preserves browser GET
PASS persisted client authenticates after actual TLS server process restart
PASS private 0700 state/0600 owner IPC socket rejects another uid and a duplicate server preserves the live socket
PASS product systemd Tor RPC onion reaches only the authenticated restricted gateway
PASS actual non-root TUI cancel/wrong-password/masked reauthentication, Core RPC enable, process restore, and disable
PASS actual PTY wallet grant review/cancel/confirm and authorized TLS watch-only wallet query
PASS actual PTY separate transaction permission review/cancel/grant and TLS PSBT creation
PASS actual non-root PTY issuance/one-time hide/revoke cancel/revoke; real TLS Core query then denial; no plaintext credential persisted or logged
PASS production watch-only profile switches/resumes separate wallet data and returns to original node profile
PASS actual systemd rejects wrong-volume registration before Core starts; valid marker restores startup
PASS real version API exposes interrupted state despite missing target; PTY review/cancel/recover restores previous separate profile
PASS original node volume/configuration/binaries restored; version API left stopped
