Recovery backup: /var/tmp/jv-initial-profile-ea7cxod6
PASS actual systemd skips Core/electrs/policy before registration
PASS committed-volume completion/retry starts version API without starting Core or reformatting
PASS actual non-root PTY S/B starts version service; V/W wallet mode/network/review/cancel works
PASS production first preview; changed-volume apply refused with data preserved
PASS first version apply without bootstrap override; actual Core regtest RPC and electrs indexed height agree
PASS product READY checks header hash; Tor outbound proxy and direct clearnet effective RPC
PASS installed nonroot Electrum TLS: trusted certificate and real header equality; untrusted certificate rejected
PASS plaintext Electrum request cannot bypass TLS
PASS actual electrs stop/start propagates to TLS service; TLS restart preserves certificate and indexed header
PASS actual non-LAN source refused; temporary address removed and normal TLS still works
PASS actual PTY black/white QR cells match payload matrix; 80x24 declines clipped QR; Esc returns
PASS explicit sensitive Fully Noded QR renders exact black/white modules; narrow terminal refuses clipping
PASS authenticated Core JSON-RPC 1.0 root endpoint uses the same restricted gateway
PASS root RPC denies anonymous/wallet/admin requests and preserves browser GET
PASS persisted client authenticates after actual TLS server process restart
PASS private 0700 state/0600 owner IPC socket rejects another uid and a duplicate server preserves the live socket
PASS product systemd Tor RPC onion reaches only the authenticated restricted gateway
PASS actual non-root TUI cancel/wrong-password/masked reauthentication, Core RPC enable, process restore, and disable
PASS actual PTY wallet grant review/cancel/confirm and authorized TLS watch-only wallet query
PASS actual PTY separate transaction permission review/cancel/grant and TLS PSBT creation
PASS actual non-root PTY issuance/one-time hide/revoke cancel/revoke; real TLS Core query then denial; no plaintext credential persisted or logged
PASS production watch-only profile switches/resumes separate wallet data and returns to original node profile
PASS actual systemd rejects wrong-volume registration before Core starts; valid marker restores startup
PASS real version API exposes interrupted state despite missing target; PTY review/cancel/recover restores previous separate profile
PASS original node volume/configuration/binaries restored; version API left stopped
