   Compiling justverify v0.1.0 (/Users/aspen/Projects/bitcoin_node)
    Finished `test` profile [unoptimized + debuginfo] target(s) in 3.47s
     Running unittests src/lib.rs (target/debug/deps/justverify-80371bcec255b40b)

running 5 tests
test tests::terminal_injection ... ok
test tests::fee_units ... ok
test tests::stale_does_not_disappear ... ok
test policy_service::tests::rejects_fields_on_unit_requests ... ok
test storage::tests::cross_version_data_isolation_and_existing_data_guard ... ok

test result: ok. 5 passed; 0 failed; 0 ignored; 0 measured; 0 filtered out; finished in 0.04s

     Running unittests src/main.rs (target/debug/deps/justverify-b35cb68f4bcdbefb)

running 0 tests

test result: ok. 0 passed; 0 failed; 0 ignored; 0 measured; 0 filtered out; finished in 0.00s

     Running tests/policy_integration.rs (target/debug/deps/policy_integration-205f26228177ea11)

running 1 test
test real_policy_apply_and_rollback ... ignored, Run explicitly with JV_CORE_BIN pointing to a signature-verified Core 31.1 binary

test result: ok. 0 passed; 0 failed; 1 ignored; 0 measured; 0 filtered out; finished in 0.00s

     Running tests/policy_matrix.rs (target/debug/deps/policy_matrix-35414eb9e30ca831)

running 1 test
test real_common_policy_preflight_all_supported_releases ... ignored, Explicit Linux ARM matrix; JV_CORE_MATRIX points to verified extracted releases

test result: ok. 0 passed; 0 failed; 1 ignored; 0 measured; 0 filtered out; finished in 0.00s

     Running tests/policy_validation.rs (target/debug/deps/policy_validation-7a94c2f68191ad5a)

running 1 test
test prevent_silent_clamps_overflow_and_network_misapplication ... ok

test result: ok. 1 passed; 0 failed; 0 ignored; 0 measured; 0 filtered out; finished in 0.01s

     Running tests/version_transition.rs (target/debug/deps/version_transition-8ed355c2250faec9)

running 1 test
test actual_version_switch_preserves_data_and_recovers_failure ... ignored, Explicit real Linux Core/electrs version transition; JV_CORE_MATRIX and JV_ELECTRS_BIN required

test result: ok. 0 passed; 0 failed; 1 ignored; 0 measured; 0 filtered out; finished in 0.00s

   Doc-tests justverify

running 0 tests

test result: ok. 0 passed; 0 failed; 0 ignored; 0 measured; 0 filtered out; finished in 0.00s

