{
   "blockdevices": [
      {
         "name": "loop0",
         "size": 4294967296,
         "serial": null,
         "fstype": "ext4",
         "mountpoints": [
             "/srv/justverify/data"
         ]
      },{
         "name": "vda",
         "size": 2147483648,
         "serial": "JUSTVERIFY_TEST_DATA",
         "fstype": null,
         "mountpoints": []
      },{
         "name": "vdb",
         "size": 34359738368,
         "serial": null,
         "fstype": null,
         "mountpoints": [],
         "children": [
            {
               "name": "vdb1",
               "size": 34225503744,
               "serial": null,
               "fstype": "ext4",
               "mountpoints": [
                   "/"
               ]
            },{
               "name": "vdb15",
               "size": 133169152,
               "serial": null,
               "fstype": "vfat",
               "mountpoints": [
                   "/boot/efi"
               ]
            }
         ]
      },{
         "name": "vdc",
         "size": 67584,
         "serial": null,
         "fstype": "iso9660",
         "mountpoints": []
      }
   ]
}
active
activating
active
active
