info: downloading installer
info: profile set to minimal
info: default host tuple is aarch64-unknown-linux-gnu
info: syncing channel updates for 1.98.0-aarch64-unknown-linux-gnu
info: latest update on 2026-08-20 for version 1.98.0 (88d9e12ae 2026-08-18)
info: downloading 3 components

info: default toolchain set to 1.98.0-aarch64-unknown-linux-gnu
  1.98.0-aarch64-unknown-linux-gnu installed - rustc 1.98.0 (88d9e12ae 2026-08-18)


Rust is installed now. Great!

To get started you may need to restart your current shell.
This would reload your PATH environment variable to include
Cargo's bin directory ($HOME/.cargo/bin).

To configure your current shell, you need to source the
corresponding env file under $HOME/.cargo.

Consider running the right command for your shell (note the leading DOT):
. "$HOME/.cargo/env" # For sh/ash/dash/pdksh/bash
cargo:rerun-if-env-changed=CC_aarch64-unknown-linux-gnu
CC_aarch64-unknown-linux-gnu = None
cargo:rerun-if-env-changed=CC_aarch64_unknown_linux_gnu
CC_aarch64_unknown_linux_gnu = None
cargo:rerun-if-env-changed=HOST_CC
HOST_CC = None
cargo:rerun-if-env-changed=CC
CC = None
cargo:rerun-if-env-changed=CC_ENABLE_DEBUG_OUTPUT
cargo:rerun-if-env-changed=CRATE_CC_NO_DEFAULTS
CRATE_CC_NO_DEFAULTS = None
cargo:rerun-if-env-changed=CFLAGS
CFLAGS = None
cargo:rerun-if-env-changed=HOST_CFLAGS
HOST_CFLAGS = None
cargo:rerun-if-env-changed=CFLAGS_aarch64_unknown_linux_gnu
CFLAGS_aarch64_unknown_linux_gnu = None
cargo:rerun-if-env-changed=CFLAGS_aarch64-unknown-linux-gnu
CFLAGS_aarch64-unknown-linux-gnu = None
