   Compiling justverify v0.1.0 (/home/builder/justverify)
    Finished `release` profile [optimized] target(s) in 5.37s
   Compiling proc-macro2 v1.0.107
   Compiling quote v1.0.47
   Compiling unicode-ident v1.0.24
   Compiling libc v0.2.189
   Compiling stable_deref_trait v1.2.1
   Compiling itoa v1.0.18
   Compiling find-msvc-tools v0.1.12
   Compiling shlex v2.0.1
   Compiling log v0.4.34
   Compiling smallvec v1.16.1
   Compiling dunce v1.0.5
   Compiling pkg-config v0.3.34
   Compiling fs_extra v1.3.0
   Compiling bytes v1.12.1
   Compiling syn v3.0.5
   Compiling syn v2.0.119
   Compiling jobserver v0.1.35
   Compiling cc v1.4.5
   Compiling mio v1.2.3
   Compiling pin-project-lite v0.2.17
   Compiling unicode-segmentation v1.13.3
   Compiling cmake v0.1.58
   Compiling bitflags v2.13.2
   Compiling futures-core v0.3.34
   Compiling synstructure v0.13.2
   Compiling aws-lc-sys v0.45.0
   Compiling strsim v0.11.1
   Compiling cfg-if v1.0.4
   Compiling zeroize v1.9.0
   Compiling allocator-api2 v0.2.21
   Compiling zerofrom-derive v0.1.7
   Compiling yoke-derive v0.8.2
   Compiling zerofrom v0.1.8
   Compiling foldhash v0.2.0
   Compiling yoke v0.8.3
   Compiling equivalent v1.0.2
   Compiling litemap v0.8.3
   Compiling writeable v0.6.4
   Compiling aws-lc-rs v1.18.1
   Compiling zerovec-derive v0.11.6
   Compiling displaydoc v0.2.7
   Compiling rustversion v1.0.23
   Compiling heck v0.5.0
   Compiling socket2 v0.6.5
   Compiling zerotrie v0.2.5
   Compiling icu_properties_data v2.3.0
   Compiling zerovec v0.11.8
   Compiling icu_normalizer_data v2.3.0
   Compiling once_cell v1.21.4
   Compiling ident_case v1.0.1
   Compiling thiserror v2.0.20
   Compiling memchr v2.8.3
   Compiling tinystr v0.8.4
   Compiling potential_utf v0.1.6
   Compiling icu_locale_core v2.3.0
   Compiling utf8_iter v1.0.4
   Compiling futures-sink v0.3.34
   Compiling icu_collections v2.3.0
   Compiling darling_core v0.24.1
   Compiling tokio v1.53.1
   Compiling icu_provider v2.3.1
   Compiling thiserror-impl v2.0.20
   Compiling rustls-pki-types v1.15.1
   Compiling http v1.5.0
   Compiling version_check v0.9.5
   Compiling either v1.18.0
   Compiling itertools v0.14.0
   Compiling http-body v1.1.0
   Compiling generic-array v0.14.7
   Compiling darling_macro v0.24.1
   Compiling castaway v0.2.4
   Compiling strum_macros v0.28.0
   Compiling hashbrown v0.17.1
   Compiling hashbrown v0.16.1
   Compiling errno v0.3.14
   Compiling ryu v1.0.23
   Compiling slab v0.4.12
   Compiling untrusted v0.9.0
   Compiling static_assertions v1.1.0
   Compiling instability v0.3.13
   Compiling percent-encoding v2.3.2
   Compiling parking_lot_core v0.9.12
   Compiling futures-task v0.3.34
   Compiling rustls v0.23.44
   Compiling httparse v1.10.1
   Compiling signal-hook v0.3.18
   Compiling unicode-width v0.2.2
   Compiling futures-io v0.3.34
   Compiling futures-util v0.3.34
   Compiling unicode-truncate v2.0.1
   Compiling compact_str v0.9.1
   Compiling strum v0.28.0
   Compiling signal-hook-registry v1.4.8
   Compiling kasuari v0.4.12
   Compiling lru v0.18.4
   Compiling darling v0.24.1
   Compiling icu_normalizer v2.3.0
   Compiling icu_properties v2.3.0
   Compiling convert_case v0.10.0
   Compiling critical-section v1.2.0
   Compiling try-lock v0.2.5
   Compiling subtle v2.6.1
   Compiling typenum v1.20.1
   Compiling tower-service v0.3.3
   Compiling scopeguard v1.2.0
   Compiling serde_core v1.0.229
   Compiling rustix v1.1.4
   Compiling indoc v2.0.7
   Compiling lock_api v0.4.14
   Compiling idna_adapter v1.2.2
   Compiling want v0.3.1
   Compiling ratatui-core v0.1.2
   Compiling derive_more-impl v2.1.1
   Compiling futures-channel v0.3.34
   Compiling tracing-core v0.1.36
   Compiling powerfmt v0.2.0
   Compiling atomic-waker v1.1.2
   Compiling num_threads v0.1.7
   Compiling time-core v0.1.9
   Compiling litrs v1.0.0
   Compiling zmij v1.0.23
   Compiling utf8parse v0.2.2
   Compiling num-conv v0.2.2
   Compiling linux-raw-sys v0.12.1
   Compiling deranged v0.5.8
   Compiling document-features v0.2.12
   Compiling anstyle-parse v1.0.0
   Compiling tracing v0.1.44
   Compiling time v0.3.55
   Compiling hyper v1.11.1
   Compiling parking_lot v0.12.5
   Compiling derive_more v2.1.1
   Compiling signal-hook-mio v0.2.5
   Compiling idna v1.1.0
   Compiling form_urlencoded v1.2.2
   Compiling sync_wrapper v1.0.2
   Compiling line-clipping v0.3.8
   Compiling is_terminal_polyfill v1.70.2
   Compiling serde_json v1.0.151
   Compiling colorchoice v1.0.5
   Compiling anstyle-query v1.1.5
   Compiling openssl-probe v0.2.1
   Compiling serde v1.0.229
   Compiling base64 v0.22.1
   Compiling ipnet v2.12.2
   Compiling anstyle v1.0.14
   Compiling tower-layer v0.3.3
   Compiling tower v0.5.3
   Compiling hyper-util v0.1.20
   Compiling anstream v1.0.0
   Compiling rustls-native-certs v0.8.4
   Compiling ratatui-widgets v0.3.2
   Compiling url v2.5.8
   Compiling crossterm v0.29.0
   Compiling crypto-common v0.1.7
   Compiling block-buffer v0.10.4
   Compiling serde_derive v1.0.229
   Compiling clap_lex v1.1.0
   Compiling anyhow v1.0.104
   Compiling clap_builder v4.6.6
   Compiling ratatui-crossterm v0.1.2
   Compiling digest v0.10.7
   Compiling ratatui-macros v0.7.2
   Compiling tower-http v0.6.11
   Compiling http-body-util v0.1.5
   Compiling clap_derive v4.6.4
   Compiling cpufeatures v0.2.17
   Compiling base64 v0.23.1
   Compiling sha2 v0.10.9
   Compiling ratatui v0.30.2
   Compiling sysinfo v0.38.4
   Compiling clap v4.6.6
   Compiling rustls-webpki v0.103.15
   Compiling tokio-rustls v0.26.5
   Compiling rustls-platform-verifier v0.7.0
   Compiling hyper-rustls v0.27.9
   Compiling reqwest v0.13.5
   Compiling justverify v0.1.0 (/home/builder/justverify)
    Finished `test` profile [unoptimized + debuginfo] target(s) in 33.21s
     Running tests/version_transition.rs (target/debug/deps/version_transition-ef3dd42cf5520509)

running 1 test
test actual_version_switch_preserves_data_and_recovers_failure ... ok

test result: ok. 1 passed; 0 failed; 0 ignored; 0 measured; 0 filtered out; finished in 53.37s

