Collecting aiohttp==3.13.3
  Downloading aiohttp-3.13.3-cp313-cp313-macosx_11_0_arm64.whl.metadata (8.1 kB)
Collecting aiohappyeyeballs>=2.5.0 (from aiohttp==3.13.3)
  Downloading aiohappyeyeballs-2.7.1-py3-none-any.whl.metadata (5.9 kB)
Collecting aiosignal>=1.4.0 (from aiohttp==3.13.3)
  Downloading aiosignal-1.4.0-py3-none-any.whl.metadata (3.7 kB)
Collecting attrs>=17.3.0 (from aiohttp==3.13.3)
  Downloading attrs-26.1.0-py3-none-any.whl.metadata (8.8 kB)
Collecting frozenlist>=1.1.1 (from aiohttp==3.13.3)
  Downloading frozenlist-1.8.0-cp313-cp313-macosx_11_0_arm64.whl.metadata (20 kB)
Collecting multidict<7.0,>=4.5 (from aiohttp==3.13.3)
  Downloading multidict-6.8.0-cp313-cp313-macosx_11_0_arm64.whl.metadata (5.3 kB)
Collecting propcache>=0.2.0 (from aiohttp==3.13.3)
  Downloading propcache-0.5.2-cp313-cp313-macosx_11_0_arm64.whl.metadata (16 kB)
Collecting yarl<2.0,>=1.17.0 (from aiohttp==3.13.3)
  Downloading yarl-1.24.5-cp313-cp313-macosx_11_0_arm64.whl.metadata (103 kB)
Collecting idna>=2.0 (from yarl<2.0,>=1.17.0->aiohttp==3.13.3)
  Using cached idna-3.19-py3-none-any.whl.metadata (9.2 kB)
Downloading aiohttp-3.13.3-cp313-cp313-macosx_11_0_arm64.whl (490 kB)
Downloading multidict-6.8.0-cp313-cp313-macosx_11_0_arm64.whl (49 kB)
Downloading yarl-1.24.5-cp313-cp313-macosx_11_0_arm64.whl (96 kB)
Downloading aiohappyeyeballs-2.7.1-py3-none-any.whl (15 kB)
Downloading aiosignal-1.4.0-py3-none-any.whl (7.5 kB)
Downloading attrs-26.1.0-py3-none-any.whl (67 kB)
Downloading frozenlist-1.8.0-cp313-cp313-macosx_11_0_arm64.whl (49 kB)
Using cached idna-3.19-py3-none-any.whl (68 kB)
Downloading propcache-0.5.2-cp313-cp313-macosx_11_0_arm64.whl (54 kB)
Installing collected packages: propcache, multidict, idna, frozenlist, attrs, aiohappyeyeballs, yarl, aiosignal, aiohttp

Successfully installed aiohappyeyeballs-2.7.1 aiohttp-3.13.3 aiosignal-1.4.0 attrs-26.1.0 frozenlist-1.8.0 idna-3.19 multidict-6.8.0 propcache-0.5.2 yarl-1.24.5

[notice] A new release of pip is available: 26.2 -> 26.2.1
[notice] To update, run: /Users/aspen/Projects/bitcoin_node/.cache/tools-venv/bin/python3.13 -m pip install --upgrade pip
